155679stringaspt
cancelled
[1, 2, 3, 'rrr', 'sss']
155679stringaspt
cancelled
[1, 2, 3, 'rrr', 'sss']
